git init
cd Desktop/Tasks/
git status
git status
git add ikram.txt
git add ikram.txt
git add ikram.txt
git init
git init
git add ikram.txt
git init
git init
git add ikram.txt
git init
git pwd
pwd
git status
git add ikram.txt
git add ikram.txt
git checkout branch
git checkout bransh
git commit ikram.txt
git config --global user.email "ikramabumazen3@gmail.com"
git config --global user.name "ikram abumazen"
git status
git commit
git status
git log
git status
git commit
git add ikram.txt
git commit
touch hi.html
git status
git add .
git commit -m 'add files'
git remote
git clone https://github.com/ikramabumazen/ikram.git
git ikram
cd ikram
git remote
git remote -v
git pull origin 
git remote
git push -u origin master 
git status
git add .
git status 
git remote add origin 
user7@ikram-AbuMazen MINGW64 ~/Desktop/GIT (master)
$ git init
Initialized empty Git repository in C:/Users/user7/Desktop/GIT/.git/
user7@ikram-AbuMazen MINGW64 ~/Desktop/GIT (master)
$ git pwd
git: 'pwd' is not a git command. See 'git --help'.
The most similar command is
        add
user7@ikram-AbuMazen MINGW64 ~/Desktop/GIT (master)
$ pwd
/c/Users/user7/Desktop/GIT
user7@ikram-AbuMazen MINGW64 ~/Desktop/GIT (master)
$ git status
On branch master
No commits yet
nothing to commit (create/copy files and use "git add" to track)
user7@ikram-AbuMazen MINGW64 ~/Desktop/GIT (master)
$ git add ikram.txt
fatal: pathspec 'ikram.txt' did not match any files
user7@ikram-AbuMazen MINGW64 ~/Desktop/GIT (master)
$ git add ikram.txt
user7@ikram-AbuMazen MINGW64 ~/Desktop/GIT (master)
$ git checkout branch
error: pathspec 'branch' did not match any file(s) known to git.
user7@ikram-AbuMazen MINGW64 ~/Desktop/GIT (master)
$ git checkout bransh
error: pathspec 'bransh' did not match any file(s) known to git.
user7@ikram-AbuMazen MINGW64 ~/Desktop/GIT (master)
$ git commit ikram.txt
*** Please tell me who you are.
Run
  git config --global user.email "you@example.com"
  git config --global user.name "Your Name"
to set your account's default identity.
git remote 
cd ikram
git remote
git push -u origin master
git commit -m 'changes'
git remote add origin git@github.com/ikramabumazen/ikram.git
git push -u f origin master
git push -u origin master
git status
cd ikram
git status
git add .
git commit -m 'change ikram with test'
git remote
git remote add origin git@github.com/ikramabumazen/ikram.git
git push -u origin master
git add.
git add .
git add Task.js
git commit -m 'read file sync'
git remote 
cd Tasks
cd ikam
cd GIT
git status
cd ikram
git add .
git commit -m 'reading file sync'
git remote
git remote add origin git@github.com/ikramabumazen/ikram.git
git push -u origin master
git add .
git commit -m 'pars file to lines ' 
git push -u origin master
remote
git remote
gi remote add origin git@github.com/ikramabumazen/ikram.git
git remote add origin git@github.com/ikramabumazen/ikram.git
git push -u origin master
cd ikram
git status
git remote
git push -u origin
git add .
git commit -m 'parse file to lines '
git remote
git remote add origin git@github.com/ikramabumazen/ikram.git
git push -u origin master
git add .
git commit -m 'splitLinesToHeadersAndKeys ' 
git remote
git remote add origin git@github.com/ikramabumazen/ikram.git
git push -u origin master
git add .
git commit -m ' parse data to array of users '
git remote
git remote add origin git@github.com/ikramabumazen/ikram.git
git push -u origin master
git add .
git commit -m ' refactoring function validUsers()'
git remote
git remote add origin git@github.com/ikramabumazen/ikram.git
git push -u origin master
git add .
git commit -m 'refactoring function IsValidUser()'
remote
git rempte
git remote
git remote add origin git@github.com/ikramabumazen/ikram.git
git puch -u origin master
git push -u origin master
git add .
git commit -m ' refacoting function dublicatedId()'
git remote
git remote add origin git@github.com/ikramabumazen/ikram.git
git push -u origin master 
git add .
git commit -m ' refactoring function idValidation()'
git remote
git remote add origin git@github.com/ikramabumazen/ikram.git
git push -u origin master 
git add .
git commit -m ' email validation '
git push -u origin master
git add .
git commit -m ' refactoring function ageValidation()'
git push -u origin master
git add Task.js
commit -u 'refactoring check validation of email '
git commit -m ' refactoring function check validation of email ()'
git push -u origin master
git add .
git add .
git commit -m ' refactoring function check validation of email ()'
git push -u origin master 
git remote
git remote add ogigin git@github.com/ikramabumazen/ikram.git
git push -u origin master
git add .
git commit -m ' refactoring check validation of email '
git push -u origin master
git remote
git remote add origin git@github.com/ikramabumazen/ikram.git
git push -u origin master
git pull
git remote
git remote add ogigin2 git@github.com/ikramabumazen/ikram.git
git push -u origin2 master
git remote
git remote
git clone https://github.com/ikramabumazen/ikram.git
git add Task.js
git commit -m ' refactory function checking email '
git push origin master
git add Task.js
git commit -m ' refactoring store in JSON file '
git push origin master
